================================================================================
Timestamp: 2025-11-20 15:31:57 UTC
Feature: book_subscription.feature
Scenario: Successful subscription to book.BTCUSD-PERP.10
Status: Status.passed

WebSocket Sent:
{
  "id": 1,
  "method": "subscribe",
  "params": {
    "channels": [
      "book.BTCUSD-PERP.10"
    ]
  }
}

WebSocket ACK Response:
{
  "id": 1,
  "method": "subscribe",
  "code": 0,
  "channel": "book.BTCUSD-PERP.10"
}

WebSocket Messages:
Snapshot Data:
{
  "instrument_name": "BTCUSD-PERP",
  "subscription": "book.BTCUSD-PERP.10",
  "channel": "book",
  "depth": 10,
  "data": [
    {
      "asks": [
        [
          "90420.5",
          "0.0208",
          "1"
        ],
        [
          "90423.9",
          "0.0500",
          "1"
        ],
        [
          "90427.5",
          "0.0300",
          "1"
        ],
        [
          "90427.9",
          "0.0001",
          "1"
        ],
        [
          "90428.3",
          "0.0866",
          "1"
        ],
        [
          "90428.4",
          "0.2600",
          "3"
        ],
        [
          "90429.3",
          "0.0110",
          "1"
        ],
        [
          "90431.1",
          "0.0092",
          "1"
        ],
        [
          "90432.4",
          "0.0297",
          "1"
        ],
        [
          "90432.5",
          "0.0884",
          "1"
        ]
      ],
      "bids": [
        [
          "90420.4",
          "0.0127",
          "1"
        ],
        [
          "90420.3",
          "0.1000",
          "1"
        ],
        [
          "90419.0",
          "0.0001",
          "1"
        ],
        [
          "90418.5",
          "0.0300",
          "1"
        ],
        [
          "90417.7",
          "0.0601",
          "1"
        ],
        [
          "90417.6",
          "0.1600",
          "2"
        ],
        [
          "90415.1",
          "0.0415",
          "1"
        ],
        [
          "90412.2",
          "0.0761",
          "1"
        ],
        [
          "90411.5",
          "0.0415",
          "1"
        ],
        [
          "90411.3",
          "0.0500",
          "1"
        ]
      ],
      "t": 1763652716857,
      "tt": 1763652716852,
      "u": 271829488546624,
      "cs": -928180489
    }
  ]
}

================================================================================
Timestamp: 2025-11-20 15:31:57 UTC
Feature: book_subscription.feature
Scenario: Invalid instrument subscription
Status: Status.passed

WebSocket Sent:
{
  "id": 1,
  "method": "subscribe",
  "params": {
    "channels": [
      "book.INVALID.10"
    ]
  }
}

WebSocket ACK Response:
{
  "id": 1,
  "method": "subscribe",
  "code": 40003,
  "channel": "book.INVALID.10",
  "message": "Unknown symbol"
}

================================================================================
Timestamp: 2025-11-20 15:31:58 UTC
Feature: book_subscription.feature
Scenario: Invalid depth subscription
Status: Status.passed

WebSocket Sent:
{
  "id": 1,
  "method": "subscribe",
  "params": {
    "channels": [
      "book.BTCUSD-PERP.100"
    ]
  }
}

WebSocket ACK Response:
{
  "id": 1,
  "method": "subscribe",
  "code": 40003,
  "channel": "book.BTCUSD-PERP.100",
  "message": "Invalid depth"
}

================================================================================
Timestamp: 2025-11-20 15:32:13 UTC
Feature: get_candlestick.feature
Scenario: Valid candlestick data retrieval -- @1.1 
Status: Status.passed

Request URL:
https://api.crypto.com/exchange/v1/public/get-candlestick?instrument_name=BTCUSD-PERP&timeframe=1m

Response:
{
  "id": -1,
  "method": "public/get-candlestick",
  "code": 0,
  "result": {
    "interval": "1m",
    "data": [
      {
        "o": "90733.3",
        "h": "90820.6",
        "l": "90614.2",
        "c": "90672.3",
        "v": "15.2719",
        "t": 1763651280000
      },
      {
        "o": "90670.0",
        "h": "90721.8",
        "l": "90580.1",
        "c": "90617.9",
        "v": "39.5419",
        "t": 1763651340000
      },
      {
        "o": "90606.7",
        "h": "90791.0",
        "l": "90544.0",
        "c": "90622.0",
        "v": "39.5543",
        "t": 1763651400000
      },
      {
        "o": "90620.6",
        "h": "90671.3",
        "l": "90502.3",
        "c": "90538.0",
        "v": "39.4329",
        "t": 1763651460000
      },
      {
        "o": "90539.6",
        "h": "90589.8",
        "l": "90430.4",
        "c": "90443.3",
        "v": "39.8639",
        "t": 1763651520000
      },
      {
        "o": "90431.2",
        "h": "90493.1",
        "l": "90276.8",
        "c": "90351.0",
        "v": "34.7332",
        "t": 1763651580000
      },
      {
        "o": "90356.2",
        "h": "90356.2",
        "l": "90256.5",
        "c": "90317.7",
        "v": "22.2467",
        "t": 1763651640000
      },
      {
        "o": "90318.5",
        "h": "90324.5",
        "l": "90147.8",
        "c": "90226.3",
        "v": "34.8794",
        "t": 1763651700000
      },
      {
        "o": "90226.2",
        "h": "90334.0",
        "l": "90206.4",
        "c": "90258.0",
        "v": "35.122",
        "t": 1763651760000
      },
      {
        "o": "90258.5",
        "h": "90356.1",
        "l": "90162.1",
        "c": "90356.1",
        "v": "30.12",
        "t": 1763651820000
      },
      {
        "o": "90360.0",
        "h": "90540.7",
        "l": "90314.9",
        "c": "90421.2",
        "v": "30.3467",
        "t": 1763651880000
      },
      {
        "o": "90418.5",
        "h": "90477.6",
        "l": "90343.8",
        "c": "90458.0",
        "v": "35.7264",
        "t": 1763651940000
      },
      {
        "o": "90460.4",
        "h": "90573.5",
        "l": "90420.3",
        "c": "90522.6",
        "v": "23.9874",
        "t": 1763652000000
      },
      {
        "o": "90523.8",
        "h": "90537.1",
        "l": "90353.0",
        "c": "90511.2",
        "v": "24.6923",
        "t": 1763652060000
      },
      {
        "o": "90508.6",
        "h": "90567.6",
        "l": "90474.6",
        "c": "90522.6",
        "v": "22.4395",
        "t": 1763652120000
      },
      {
        "o": "90513.0",
        "h": "90711.2",
        "l": "90499.5",
        "c": "90690.9",
        "v": "38.8008",
        "t": 1763652180000
      },
      {
        "o": "90687.5",
        "h": "90757.8",
        "l": "90646.2",
        "c": "90692.8",
        "v": "25.219",
        "t": 1763652240000
      },
      {
        "o": "90694.8",
        "h": "90721.6",
        "l": "90583.8",
        "c": "90624.6",
        "v": "34.2355",
        "t": 1763652300000
      },
      {
        "o": "90622.0",
        "h": "90696.1",
        "l": "90612.1",
        "c": "90646.0",
        "v": "37.9786",
        "t": 1763652360000
      },
      {
        "o": "90643.1",
        "h": "90643.1",
        "l": "90413.1",
        "c": "90487.9",
        "v": "35.894",
        "t": 1763652420000
      },
      {
        "o": "90494.5",
        "h": "90589.5",
        "l": "90469.9",
        "c": "90570.0",
        "v": "17.9769",
        "t": 1763652480000
      },
      {
        "o": "90568.2",
        "h": "90614.6",
        "l": "90522.4",
        "c": "90544.5",
        "v": "22.7022",
        "t": 1763652540000
      },
      {
        "o": "90541.8",
        "h": "90541.8",
        "l": "90291.8",
        "c": "90310.5",
        "v": "38.0527",
        "t": 1763652600000
      },
      {
        "o": "90308.2",
        "h": "90422.5",
        "l": "90308.2",
        "c": "90416.3",
        "v": "16.6795",
        "t": 1763652660000
      },
      {
        "o": "90423.0",
        "h": "90489.6",
        "l": "90394.1",
        "c": "90482.0",
        "v": "7.3257",
        "t": 1763652720000
      }
    ],
    "instrument_name": "BTCUSD-PERP"
  }
}

================================================================================
Timestamp: 2025-11-20 15:32:14 UTC
Feature: get_candlestick.feature
Scenario: Valid candlestick data retrieval -- @1.2 
Status: Status.passed

Request URL:
https://api.crypto.com/exchange/v1/public/get-candlestick?instrument_name=ETHUSD-PERP&timeframe=1h

Response:
{
  "id": -1,
  "method": "public/get-candlestick",
  "code": 0,
  "result": {
    "interval": "1h",
    "data": [
      {
        "o": "3059.04",
        "h": "3105.17",
        "l": "2964.75",
        "c": "2971.26",
        "v": "32932.8363",
        "t": 1763564400000
      },
      {
        "o": "2970.96",
        "h": "2985.54",
        "l": "2934.06",
        "c": "2948.02",
        "v": "26383.5079",
        "t": 1763568000000
      },
      {
        "o": "2948.03",
        "h": "2959.53",
        "l": "2896.20",
        "c": "2920.76",
        "v": "28822.5988",
        "t": 1763571600000
      },
      {
        "o": "2920.80",
        "h": "2928.10",
        "l": "2877.78",
        "c": "2896.98",
        "v": "24559.4016",
        "t": 1763575200000
      },
      {
        "o": "2897.01",
        "h": "2903.55",
        "l": "2869.86",
        "c": "2878.86",
        "v": "14529.2188",
        "t": 1763578800000
      },
      {
        "o": "2878.92",
        "h": "2954.10",
        "l": "2871.63",
        "c": "2942.35",
        "v": "17346.5092",
        "t": 1763582400000
      },
      {
        "o": "2942.78",
        "h": "3000.07",
        "l": "2935.74",
        "c": "2988.75",
        "v": "22776.2112",
        "t": 1763586000000
      },
      {
        "o": "2988.71",
        "h": "2989.51",
        "l": "2953.20",
        "c": "2981.49",
        "v": "6591.2174",
        "t": 1763589600000
      },
      {
        "o": "2981.68",
        "h": "3025.65",
        "l": "2981.52",
        "c": "3022.99",
        "v": "8006.8557",
        "t": 1763593200000
      },
      {
        "o": "3022.99",
        "h": "3046.92",
        "l": "3001.86",
        "c": "3016.73",
        "v": "8835.7856",
        "t": 1763596800000
      },
      {
        "o": "3016.62",
        "h": "3048.50",
        "l": "3016.08",
        "c": "3045.44",
        "v": "6939.8763",
        "t": 1763600400000
      },
      {
        "o": "3045.24",
        "h": "3055.90",
        "l": "3027.35",
        "c": "3041.52",
        "v": "8116.1245",
        "t": 1763604000000
      },
      {
        "o": "3041.59",
        "h": "3051.27",
        "l": "3034.45",
        "c": "3036.45",
        "v": "4918.068",
        "t": 1763607600000
      },
      {
        "o": "3036.52",
        "h": "3053.16",
        "l": "3014.61",
        "c": "3051.83",
        "v": "5549.6407",
        "t": 1763611200000
      },
      {
        "o": "3051.74",
        "h": "3061.44",
        "l": "3030.51",
        "c": "3033.25",
        "v": "3982.2394",
        "t": 1763614800000
      },
      {
        "o": "3033.19",
        "h": "3040.72",
        "l": "3004.92",
        "c": "3018.60",
        "v": "4358.3446",
        "t": 1763618400000
      },
      {
        "o": "3018.44",
        "h": "3041.61",
        "l": "3012.82",
        "c": "3036.72",
        "v": "3367.4242",
        "t": 1763622000000
      },
      {
        "o": "3036.97",
        "h": "3042.40",
        "l": "3019.92",
        "c": "3028.44",
        "v": "3987.0164",
        "t": 1763625600000
      },
      {
        "o": "3028.35",
        "h": "3031.85",
        "l": "2992.66",
        "c": "3008.91",
        "v": "4765.414",
        "t": 1763629200000
      },
      {
        "o": "3009.00",
        "h": "3018.17",
        "l": "2990.13",
        "c": "3012.60",
        "v": "4119.3393",
        "t": 1763632800000
      },
      {
        "o": "3012.60",
        "h": "3024.48",
        "l": "2998.96",
        "c": "3020.40",
        "v": "2431.1488",
        "t": 1763636400000
      },
      {
        "o": "3020.43",
        "h": "3030.51",
        "l": "3007.62",
        "c": "3025.92",
        "v": "6771.9506",
        "t": 1763640000000
      },
      {
        "o": "3026.09",
        "h": "3047.16",
        "l": "2993.99",
        "c": "2997.29",
        "v": "20058.9604",
        "t": 1763643600000
      },
      {
        "o": "2997.44",
        "h": "3019.92",
        "l": "2960.64",
        "c": "2998.09",
        "v": "29402.1386",
        "t": 1763647200000
      },
      {
        "o": "2998.18",
        "h": "3001.05",
        "l": "2958.36",
        "c": "2990.37",
        "v": "11487.5572",
        "t": 1763650800000
      }
    ],
    "instrument_name": "ETHUSD-PERP"
  }
}

================================================================================
Timestamp: 2025-11-20 15:32:14 UTC
Feature: get_candlestick.feature
Scenario: Valid candlestick data retrieval -- @1.3 
Status: Status.passed

Request URL:
https://api.crypto.com/exchange/v1/public/get-candlestick?instrument_name=BTC_USDT&timeframe=1D

Response:
{
  "id": -1,
  "method": "public/get-candlestick",
  "code": 0,
  "result": {
    "interval": "1D",
    "data": [
      {
        "o": "114545.17",
        "h": "116398.99",
        "l": "113833.31",
        "c": "114099.99",
        "v": "4260.64865",
        "t": 1761523200000
      },
      {
        "o": "114100.00",
        "h": "116102.51",
        "l": "112192.56",
        "c": "112889.99",
        "v": "4825.30157",
        "t": 1761609600000
      },
      {
        "o": "112889.85",
        "h": "113652.00",
        "l": "109166.66",
        "c": "110020.99",
        "v": "6104.87511",
        "t": 1761696000000
      },
      {
        "o": "110021.00",
        "h": "111612.72",
        "l": "106256.78",
        "c": "108308.99",
        "v": "7223.30211",
        "t": 1761782400000
      },
      {
        "o": "108310.00",
        "h": "111167.68",
        "l": "108273.50",
        "c": "109608.63",
        "v": "6345.33076",
        "t": 1761868800000
      },
      {
        "o": "109608.64",
        "h": "110555.00",
        "l": "109387.23",
        "c": "110130.00",
        "v": "1414.08729",
        "t": 1761955200000
      },
      {
        "o": "110100.01",
        "h": "111245.27",
        "l": "109476.31",
        "c": "110540.66",
        "v": "2212.45193",
        "t": 1762041600000
      },
      {
        "o": "110540.66",
        "h": "110756.98",
        "l": "105295.77",
        "c": "106579.00",
        "v": "8288.40899",
        "t": 1762128000000
      },
      {
        "o": "106582.00",
        "h": "107299.99",
        "l": "98911.32",
        "c": "101493.01",
        "v": "12588.85584",
        "t": 1762214400000
      },
      {
        "o": "101500.00",
        "h": "104552.24",
        "l": "98945.85",
        "c": "103881.01",
        "v": "8339.03691",
        "t": 1762300800000
      },
      {
        "o": "103881.01",
        "h": "104240.98",
        "l": "100288.00",
        "c": "101342.86",
        "v": "8376.20914",
        "t": 1762387200000
      },
      {
        "o": "101347.01",
        "h": "104095.00",
        "l": "99250.00",
        "c": "103344.99",
        "v": "7842.89229",
        "t": 1762473600000
      },
      {
        "o": "103345.00",
        "h": "103410.99",
        "l": "101457.00",
        "c": "102319.00",
        "v": "3022.94334",
        "t": 1762560000000
      },
      {
        "o": "102319.00",
        "h": "105504.31",
        "l": "101387.78",
        "c": "104737.09",
        "v": "3425.32203",
        "t": 1762646400000
      },
      {
        "o": "104724.01",
        "h": "106682.96",
        "l": "104240.70",
        "c": "106010.28",
        "v": "4869.18513",
        "t": 1762732800000
      },
      {
        "o": "106015.00",
        "h": "107541.55",
        "l": "102438.54",
        "c": "103053.09",
        "v": "5869.76313",
        "t": 1762819200000
      },
      {
        "o": "103059.00",
        "h": "105333.26",
        "l": "100786.32",
        "c": "101655.32",
        "v": "5584.85208",
        "t": 1762905600000
      },
      {
        "o": "101655.01",
        "h": "104069.42",
        "l": "97995.98",
        "c": "99687.43",
        "v": "10374.31309",
        "t": 1762992000000
      },
      {
        "o": "99687.44",
        "h": "99881.58",
        "l": "94000.00",
        "c": "94589.99",
        "v": "12741.7917",
        "t": 1763078400000
      },
      {
        "o": "94590.00",
        "h": "96830.97",
        "l": "94559.88",
        "c": "95598.00",
        "v": "4146.78185",
        "t": 1763164800000
      },
      {
        "o": "95598.00",
        "h": "96639.57",
        "l": "92972.09",
        "c": "94266.88",
        "v": "6614.55254",
        "t": 1763251200000
      },
      {
        "o": "94259.86",
        "h": "96347.33",
        "l": "91278.17",
        "c": "92202.86",
        "v": "10356.98062",
        "t": 1763337600000
      },
      {
        "o": "92212.47",
        "h": "93903.08",
        "l": "89282.04",
        "c": "92960.24",
        "v": "9693.4274",
        "t": 1763424000000
      },
      {
        "o": "92960.83",
        "h": "92984.40",
        "l": "88588.30",
        "c": "91551.70",
        "v": "9577.62112",
        "t": 1763510400000
      },
      {
        "o": "91558.01",
        "h": "93180.78",
        "l": "90224.94",
        "c": "90548.30",
        "v": "4286.35378",
        "t": 1763596800000
      }
    ],
    "instrument_name": "BTC_USDT"
  }
}

================================================================================
Timestamp: 2025-11-20 15:32:15 UTC
Feature: get_candlestick.feature
Scenario: Missing instrument name
Status: Status.passed

Request URL:
https://api.crypto.com/exchange/v1/public/get-candlestick?instrument_name=xxx&timeframe=M5

Response:
{
  "code": 40004,
  "message": "Invalid instrument_name"
}

================================================================================
Timestamp: 2025-11-20 15:32:15 UTC
Feature: get_candlestick.feature
Scenario: Invalid timeframe
Status: Status.passed

Request URL:
https://api.crypto.com/exchange/v1/public/get-candlestick?instrument_name=BTCUSD-PERP&timeframe=Z9

Response:
{
  "code": 40003,
  "message": "Invalid request"
}

================================================================================
Timestamp: 2025-11-20 15:37:54 UTC
Feature: get_candlestick.feature
Scenario: Valid candlestick data retrieval -- @1.1 
Status: Status.passed

Request URL:
https://api.crypto.com/exchange/v1/public/get-candlestick?instrument_name=BTCUSD-PERP&timeframe=1m

Response:
{
  "id": -1,
  "method": "public/get-candlestick",
  "code": 0,
  "result": {
    "interval": "1m",
    "data": [
      {
        "o": "90431.2",
        "h": "90493.1",
        "l": "90276.8",
        "c": "90351.0",
        "v": "34.7332",
        "t": 1763651580000
      },
      {
        "o": "90356.2",
        "h": "90356.2",
        "l": "90256.5",
        "c": "90317.7",
        "v": "22.2467",
        "t": 1763651640000
      },
      {
        "o": "90318.5",
        "h": "90324.5",
        "l": "90147.8",
        "c": "90226.3",
        "v": "34.8794",
        "t": 1763651700000
      },
      {
        "o": "90226.2",
        "h": "90334.0",
        "l": "90206.4",
        "c": "90258.0",
        "v": "35.122",
        "t": 1763651760000
      },
      {
        "o": "90258.5",
        "h": "90356.1",
        "l": "90162.1",
        "c": "90356.1",
        "v": "30.12",
        "t": 1763651820000
      },
      {
        "o": "90360.0",
        "h": "90540.7",
        "l": "90314.9",
        "c": "90421.2",
        "v": "30.3467",
        "t": 1763651880000
      },
      {
        "o": "90418.5",
        "h": "90477.6",
        "l": "90343.8",
        "c": "90458.0",
        "v": "35.7264",
        "t": 1763651940000
      },
      {
        "o": "90460.4",
        "h": "90573.5",
        "l": "90420.3",
        "c": "90522.6",
        "v": "23.9874",
        "t": 1763652000000
      },
      {
        "o": "90523.8",
        "h": "90537.1",
        "l": "90353.0",
        "c": "90511.2",
        "v": "24.6923",
        "t": 1763652060000
      },
      {
        "o": "90508.6",
        "h": "90567.6",
        "l": "90474.6",
        "c": "90522.6",
        "v": "22.4395",
        "t": 1763652120000
      },
      {
        "o": "90513.0",
        "h": "90711.2",
        "l": "90499.5",
        "c": "90690.9",
        "v": "38.8008",
        "t": 1763652180000
      },
      {
        "o": "90687.5",
        "h": "90757.8",
        "l": "90646.2",
        "c": "90692.8",
        "v": "25.219",
        "t": 1763652240000
      },
      {
        "o": "90694.8",
        "h": "90721.6",
        "l": "90583.8",
        "c": "90624.6",
        "v": "34.2355",
        "t": 1763652300000
      },
      {
        "o": "90622.0",
        "h": "90696.1",
        "l": "90612.1",
        "c": "90646.0",
        "v": "37.9786",
        "t": 1763652360000
      },
      {
        "o": "90643.1",
        "h": "90643.1",
        "l": "90413.1",
        "c": "90487.9",
        "v": "35.894",
        "t": 1763652420000
      },
      {
        "o": "90494.5",
        "h": "90589.5",
        "l": "90469.9",
        "c": "90570.0",
        "v": "17.9769",
        "t": 1763652480000
      },
      {
        "o": "90568.2",
        "h": "90614.6",
        "l": "90522.4",
        "c": "90544.5",
        "v": "22.7022",
        "t": 1763652540000
      },
      {
        "o": "90541.8",
        "h": "90541.8",
        "l": "90291.8",
        "c": "90310.5",
        "v": "38.0527",
        "t": 1763652600000
      },
      {
        "o": "90308.2",
        "h": "90422.5",
        "l": "90308.2",
        "c": "90416.3",
        "v": "16.6795",
        "t": 1763652660000
      },
      {
        "o": "90423.0",
        "h": "90542.6",
        "l": "90394.1",
        "c": "90426.6",
        "v": "29.4717",
        "t": 1763652720000
      },
      {
        "o": "90424.8",
        "h": "90424.8",
        "l": "90222.0",
        "c": "90262.8",
        "v": "37.924",
        "t": 1763652780000
      },
      {
        "o": "90259.5",
        "h": "90318.8",
        "l": "90195.0",
        "c": "90206.1",
        "v": "32.1693",
        "t": 1763652840000
      },
      {
        "o": "90210.3",
        "h": "90337.8",
        "l": "90120.7",
        "c": "90309.6",
        "v": "36.7031",
        "t": 1763652900000
      },
      {
        "o": "90318.2",
        "h": "90451.5",
        "l": "90311.0",
        "c": "90434.7",
        "v": "29.0721",
        "t": 1763652960000
      },
      {
        "o": "90436.5",
        "h": "90613.0",
        "l": "90435.6",
        "c": "90572.6",
        "v": "22.5972",
        "t": 1763653020000
      }
    ],
    "instrument_name": "BTCUSD-PERP"
  }
}

================================================================================
Timestamp: 2025-11-20 15:37:55 UTC
Feature: get_candlestick.feature
Scenario: Valid candlestick data retrieval -- @1.2 
Status: Status.passed

Request URL:
https://api.crypto.com/exchange/v1/public/get-candlestick?instrument_name=ETHUSD-PERP&timeframe=1h

Response:
{
  "id": -1,
  "method": "public/get-candlestick",
  "code": 0,
  "result": {
    "interval": "1h",
    "data": [
      {
        "o": "3059.04",
        "h": "3105.17",
        "l": "2964.75",
        "c": "2971.26",
        "v": "32932.8363",
        "t": 1763564400000
      },
      {
        "o": "2970.96",
        "h": "2985.54",
        "l": "2934.06",
        "c": "2948.02",
        "v": "26383.5079",
        "t": 1763568000000
      },
      {
        "o": "2948.03",
        "h": "2959.53",
        "l": "2896.20",
        "c": "2920.76",
        "v": "28822.5988",
        "t": 1763571600000
      },
      {
        "o": "2920.80",
        "h": "2928.10",
        "l": "2877.78",
        "c": "2896.98",
        "v": "24559.4016",
        "t": 1763575200000
      },
      {
        "o": "2897.01",
        "h": "2903.55",
        "l": "2869.86",
        "c": "2878.86",
        "v": "14529.2188",
        "t": 1763578800000
      },
      {
        "o": "2878.92",
        "h": "2954.10",
        "l": "2871.63",
        "c": "2942.35",
        "v": "17346.5092",
        "t": 1763582400000
      },
      {
        "o": "2942.78",
        "h": "3000.07",
        "l": "2935.74",
        "c": "2988.75",
        "v": "22776.2112",
        "t": 1763586000000
      },
      {
        "o": "2988.71",
        "h": "2989.51",
        "l": "2953.20",
        "c": "2981.49",
        "v": "6591.2174",
        "t": 1763589600000
      },
      {
        "o": "2981.68",
        "h": "3025.65",
        "l": "2981.52",
        "c": "3022.99",
        "v": "8006.8557",
        "t": 1763593200000
      },
      {
        "o": "3022.99",
        "h": "3046.92",
        "l": "3001.86",
        "c": "3016.73",
        "v": "8835.7856",
        "t": 1763596800000
      },
      {
        "o": "3016.62",
        "h": "3048.50",
        "l": "3016.08",
        "c": "3045.44",
        "v": "6939.8763",
        "t": 1763600400000
      },
      {
        "o": "3045.24",
        "h": "3055.90",
        "l": "3027.35",
        "c": "3041.52",
        "v": "8116.1245",
        "t": 1763604000000
      },
      {
        "o": "3041.59",
        "h": "3051.27",
        "l": "3034.45",
        "c": "3036.45",
        "v": "4918.068",
        "t": 1763607600000
      },
      {
        "o": "3036.52",
        "h": "3053.16",
        "l": "3014.61",
        "c": "3051.83",
        "v": "5549.6407",
        "t": 1763611200000
      },
      {
        "o": "3051.74",
        "h": "3061.44",
        "l": "3030.51",
        "c": "3033.25",
        "v": "3982.2394",
        "t": 1763614800000
      },
      {
        "o": "3033.19",
        "h": "3040.72",
        "l": "3004.92",
        "c": "3018.60",
        "v": "4358.3446",
        "t": 1763618400000
      },
      {
        "o": "3018.44",
        "h": "3041.61",
        "l": "3012.82",
        "c": "3036.72",
        "v": "3367.4242",
        "t": 1763622000000
      },
      {
        "o": "3036.97",
        "h": "3042.40",
        "l": "3019.92",
        "c": "3028.44",
        "v": "3987.0164",
        "t": 1763625600000
      },
      {
        "o": "3028.35",
        "h": "3031.85",
        "l": "2992.66",
        "c": "3008.91",
        "v": "4765.414",
        "t": 1763629200000
      },
      {
        "o": "3009.00",
        "h": "3018.17",
        "l": "2990.13",
        "c": "3012.60",
        "v": "4119.3393",
        "t": 1763632800000
      },
      {
        "o": "3012.60",
        "h": "3024.48",
        "l": "2998.96",
        "c": "3020.40",
        "v": "2431.1488",
        "t": 1763636400000
      },
      {
        "o": "3020.43",
        "h": "3030.51",
        "l": "3007.62",
        "c": "3025.92",
        "v": "6771.9506",
        "t": 1763640000000
      },
      {
        "o": "3026.09",
        "h": "3047.16",
        "l": "2993.99",
        "c": "2997.29",
        "v": "20058.9604",
        "t": 1763643600000
      },
      {
        "o": "2997.44",
        "h": "3019.92",
        "l": "2960.64",
        "c": "2998.09",
        "v": "29402.1386",
        "t": 1763647200000
      },
      {
        "o": "2998.18",
        "h": "3001.05",
        "l": "2958.36",
        "c": "2990.28",
        "v": "13331.8296",
        "t": 1763650800000
      }
    ],
    "instrument_name": "ETHUSD-PERP"
  }
}

================================================================================
Timestamp: 2025-11-20 15:37:55 UTC
Feature: get_candlestick.feature
Scenario: Valid candlestick data retrieval -- @1.3 
Status: Status.passed

Request URL:
https://api.crypto.com/exchange/v1/public/get-candlestick?instrument_name=BTC_USDT&timeframe=1D

Response:
{
  "id": -1,
  "method": "public/get-candlestick",
  "code": 0,
  "result": {
    "interval": "1D",
    "data": [
      {
        "o": "114545.17",
        "h": "116398.99",
        "l": "113833.31",
        "c": "114099.99",
        "v": "4260.64865",
        "t": 1761523200000
      },
      {
        "o": "114100.00",
        "h": "116102.51",
        "l": "112192.56",
        "c": "112889.99",
        "v": "4825.30157",
        "t": 1761609600000
      },
      {
        "o": "112889.85",
        "h": "113652.00",
        "l": "109166.66",
        "c": "110020.99",
        "v": "6104.87511",
        "t": 1761696000000
      },
      {
        "o": "110021.00",
        "h": "111612.72",
        "l": "106256.78",
        "c": "108308.99",
        "v": "7223.30211",
        "t": 1761782400000
      },
      {
        "o": "108310.00",
        "h": "111167.68",
        "l": "108273.50",
        "c": "109608.63",
        "v": "6345.33076",
        "t": 1761868800000
      },
      {
        "o": "109608.64",
        "h": "110555.00",
        "l": "109387.23",
        "c": "110130.00",
        "v": "1414.08729",
        "t": 1761955200000
      },
      {
        "o": "110100.01",
        "h": "111245.27",
        "l": "109476.31",
        "c": "110540.66",
        "v": "2212.45193",
        "t": 1762041600000
      },
      {
        "o": "110540.66",
        "h": "110756.98",
        "l": "105295.77",
        "c": "106579.00",
        "v": "8288.40899",
        "t": 1762128000000
      },
      {
        "o": "106582.00",
        "h": "107299.99",
        "l": "98911.32",
        "c": "101493.01",
        "v": "12588.85584",
        "t": 1762214400000
      },
      {
        "o": "101500.00",
        "h": "104552.24",
        "l": "98945.85",
        "c": "103881.01",
        "v": "8339.03691",
        "t": 1762300800000
      },
      {
        "o": "103881.01",
        "h": "104240.98",
        "l": "100288.00",
        "c": "101342.86",
        "v": "8376.20914",
        "t": 1762387200000
      },
      {
        "o": "101347.01",
        "h": "104095.00",
        "l": "99250.00",
        "c": "103344.99",
        "v": "7842.89229",
        "t": 1762473600000
      },
      {
        "o": "103345.00",
        "h": "103410.99",
        "l": "101457.00",
        "c": "102319.00",
        "v": "3022.94334",
        "t": 1762560000000
      },
      {
        "o": "102319.00",
        "h": "105504.31",
        "l": "101387.78",
        "c": "104737.09",
        "v": "3425.32203",
        "t": 1762646400000
      },
      {
        "o": "104724.01",
        "h": "106682.96",
        "l": "104240.70",
        "c": "106010.28",
        "v": "4869.18513",
        "t": 1762732800000
      },
      {
        "o": "106015.00",
        "h": "107541.55",
        "l": "102438.54",
        "c": "103053.09",
        "v": "5869.76313",
        "t": 1762819200000
      },
      {
        "o": "103059.00",
        "h": "105333.26",
        "l": "100786.32",
        "c": "101655.32",
        "v": "5584.85208",
        "t": 1762905600000
      },
      {
        "o": "101655.01",
        "h": "104069.42",
        "l": "97995.98",
        "c": "99687.43",
        "v": "10374.31309",
        "t": 1762992000000
      },
      {
        "o": "99687.44",
        "h": "99881.58",
        "l": "94000.00",
        "c": "94589.99",
        "v": "12741.7917",
        "t": 1763078400000
      },
      {
        "o": "94590.00",
        "h": "96830.97",
        "l": "94559.88",
        "c": "95598.00",
        "v": "4146.78185",
        "t": 1763164800000
      },
      {
        "o": "95598.00",
        "h": "96639.57",
        "l": "92972.09",
        "c": "94266.88",
        "v": "6614.55254",
        "t": 1763251200000
      },
      {
        "o": "94259.86",
        "h": "96347.33",
        "l": "91278.17",
        "c": "92202.86",
        "v": "10356.98062",
        "t": 1763337600000
      },
      {
        "o": "92212.47",
        "h": "93903.08",
        "l": "89282.04",
        "c": "92960.24",
        "v": "9693.4274",
        "t": 1763424000000
      },
      {
        "o": "92960.83",
        "h": "92984.40",
        "l": "88588.30",
        "c": "91551.70",
        "v": "9577.62112",
        "t": 1763510400000
      },
      {
        "o": "91558.01",
        "h": "93180.78",
        "l": "90209.01",
        "c": "90660.00",
        "v": "4361.97276",
        "t": 1763596800000
      }
    ],
    "instrument_name": "BTC_USDT"
  }
}

================================================================================
Timestamp: 2025-11-20 15:37:57 UTC
Feature: get_candlestick.feature
Scenario: Missing instrument name
Status: Status.passed

Request URL:
https://api.crypto.com/exchange/v1/public/get-candlestick?instrument_name=xxx&timeframe=M5

Response:
{
  "code": 40004,
  "message": "Invalid instrument_name"
}

================================================================================
Timestamp: 2025-11-20 15:37:57 UTC
Feature: get_candlestick.feature
Scenario: Invalid timeframe
Status: Status.passed

Request URL:
https://api.crypto.com/exchange/v1/public/get-candlestick?instrument_name=BTCUSD-PERP&timeframe=Z9

Response:
{
  "code": 40003,
  "message": "Invalid request"
}

================================================================================
Timestamp: 2025-11-20 15:41:04 UTC
Feature: get_candlestick.feature
Scenario: Valid candlestick data retrieval -- @1.1 
Status: Status.passed

Request URL:
https://api.crypto.com/exchange/v1/public/get-candlestick?instrument_name=BTCUSD-PERP&timeframe=1m

Response:
{
  "id": -1,
  "method": "public/get-candlestick",
  "code": 0,
  "result": {
    "interval": "1m",
    "data": [
      {
        "o": "90258.5",
        "h": "90356.1",
        "l": "90162.1",
        "c": "90356.1",
        "v": "30.12",
        "t": 1763651820000
      },
      {
        "o": "90360.0",
        "h": "90540.7",
        "l": "90314.9",
        "c": "90421.2",
        "v": "30.3467",
        "t": 1763651880000
      },
      {
        "o": "90418.5",
        "h": "90477.6",
        "l": "90343.8",
        "c": "90458.0",
        "v": "35.7264",
        "t": 1763651940000
      },
      {
        "o": "90460.4",
        "h": "90573.5",
        "l": "90420.3",
        "c": "90522.6",
        "v": "23.9874",
        "t": 1763652000000
      },
      {
        "o": "90523.8",
        "h": "90537.1",
        "l": "90353.0",
        "c": "90511.2",
        "v": "24.6923",
        "t": 1763652060000
      },
      {
        "o": "90508.6",
        "h": "90567.6",
        "l": "90474.6",
        "c": "90522.6",
        "v": "22.4395",
        "t": 1763652120000
      },
      {
        "o": "90513.0",
        "h": "90711.2",
        "l": "90499.5",
        "c": "90690.9",
        "v": "38.8008",
        "t": 1763652180000
      },
      {
        "o": "90687.5",
        "h": "90757.8",
        "l": "90646.2",
        "c": "90692.8",
        "v": "25.219",
        "t": 1763652240000
      },
      {
        "o": "90694.8",
        "h": "90721.6",
        "l": "90583.8",
        "c": "90624.6",
        "v": "34.2355",
        "t": 1763652300000
      },
      {
        "o": "90622.0",
        "h": "90696.1",
        "l": "90612.1",
        "c": "90646.0",
        "v": "37.9786",
        "t": 1763652360000
      },
      {
        "o": "90643.1",
        "h": "90643.1",
        "l": "90413.1",
        "c": "90487.9",
        "v": "35.894",
        "t": 1763652420000
      },
      {
        "o": "90494.5",
        "h": "90589.5",
        "l": "90469.9",
        "c": "90570.0",
        "v": "17.9769",
        "t": 1763652480000
      },
      {
        "o": "90568.2",
        "h": "90614.6",
        "l": "90522.4",
        "c": "90544.5",
        "v": "22.7022",
        "t": 1763652540000
      },
      {
        "o": "90541.8",
        "h": "90541.8",
        "l": "90291.8",
        "c": "90310.5",
        "v": "38.0527",
        "t": 1763652600000
      },
      {
        "o": "90308.2",
        "h": "90422.5",
        "l": "90308.2",
        "c": "90416.3",
        "v": "16.6795",
        "t": 1763652660000
      },
      {
        "o": "90423.0",
        "h": "90542.6",
        "l": "90394.1",
        "c": "90426.6",
        "v": "29.4717",
        "t": 1763652720000
      },
      {
        "o": "90424.8",
        "h": "90424.8",
        "l": "90222.0",
        "c": "90262.8",
        "v": "37.924",
        "t": 1763652780000
      },
      {
        "o": "90259.5",
        "h": "90318.8",
        "l": "90195.0",
        "c": "90206.1",
        "v": "32.1693",
        "t": 1763652840000
      },
      {
        "o": "90210.3",
        "h": "90337.8",
        "l": "90120.7",
        "c": "90309.6",
        "v": "36.7031",
        "t": 1763652900000
      },
      {
        "o": "90318.2",
        "h": "90451.5",
        "l": "90311.0",
        "c": "90434.7",
        "v": "29.0721",
        "t": 1763652960000
      },
      {
        "o": "90436.5",
        "h": "90613.0",
        "l": "90435.6",
        "c": "90576.3",
        "v": "23.3115",
        "t": 1763653020000
      },
      {
        "o": "90582.7",
        "h": "90582.7",
        "l": "90475.5",
        "c": "90554.1",
        "v": "23.4868",
        "t": 1763653080000
      },
      {
        "o": "90551.1",
        "h": "90551.1",
        "l": "90442.3",
        "c": "90442.3",
        "v": "24.5675",
        "t": 1763653140000
      },
      {
        "o": "90434.1",
        "h": "90439.9",
        "l": "90269.0",
        "c": "90301.5",
        "v": "32.8412",
        "t": 1763653200000
      },
      {
        "o": "90303.3",
        "h": "90309.8",
        "l": "90301.5",
        "c": "90301.5",
        "v": "1.9812",
        "t": 1763653260000
      }
    ],
    "instrument_name": "BTCUSD-PERP"
  }
}

================================================================================
Timestamp: 2025-11-20 15:41:04 UTC
Feature: get_candlestick.feature
Scenario: Valid candlestick data retrieval -- @1.2 
Status: Status.passed

Request URL:
https://api.crypto.com/exchange/v1/public/get-candlestick?instrument_name=ETHUSD-PERP&timeframe=1h

Response:
{
  "id": -1,
  "method": "public/get-candlestick",
  "code": 0,
  "result": {
    "interval": "1h",
    "data": [
      {
        "o": "3059.04",
        "h": "3105.17",
        "l": "2964.75",
        "c": "2971.26",
        "v": "32932.8363",
        "t": 1763564400000
      },
      {
        "o": "2970.96",
        "h": "2985.54",
        "l": "2934.06",
        "c": "2948.02",
        "v": "26383.5079",
        "t": 1763568000000
      },
      {
        "o": "2948.03",
        "h": "2959.53",
        "l": "2896.20",
        "c": "2920.76",
        "v": "28822.5988",
        "t": 1763571600000
      },
      {
        "o": "2920.80",
        "h": "2928.10",
        "l": "2877.78",
        "c": "2896.98",
        "v": "24559.4016",
        "t": 1763575200000
      },
      {
        "o": "2897.01",
        "h": "2903.55",
        "l": "2869.86",
        "c": "2878.86",
        "v": "14529.2188",
        "t": 1763578800000
      },
      {
        "o": "2878.92",
        "h": "2954.10",
        "l": "2871.63",
        "c": "2942.35",
        "v": "17346.5092",
        "t": 1763582400000
      },
      {
        "o": "2942.78",
        "h": "3000.07",
        "l": "2935.74",
        "c": "2988.75",
        "v": "22776.2112",
        "t": 1763586000000
      },
      {
        "o": "2988.71",
        "h": "2989.51",
        "l": "2953.20",
        "c": "2981.49",
        "v": "6591.2174",
        "t": 1763589600000
      },
      {
        "o": "2981.68",
        "h": "3025.65",
        "l": "2981.52",
        "c": "3022.99",
        "v": "8006.8557",
        "t": 1763593200000
      },
      {
        "o": "3022.99",
        "h": "3046.92",
        "l": "3001.86",
        "c": "3016.73",
        "v": "8835.7856",
        "t": 1763596800000
      },
      {
        "o": "3016.62",
        "h": "3048.50",
        "l": "3016.08",
        "c": "3045.44",
        "v": "6939.8763",
        "t": 1763600400000
      },
      {
        "o": "3045.24",
        "h": "3055.90",
        "l": "3027.35",
        "c": "3041.52",
        "v": "8116.1245",
        "t": 1763604000000
      },
      {
        "o": "3041.59",
        "h": "3051.27",
        "l": "3034.45",
        "c": "3036.45",
        "v": "4918.068",
        "t": 1763607600000
      },
      {
        "o": "3036.52",
        "h": "3053.16",
        "l": "3014.61",
        "c": "3051.83",
        "v": "5549.6407",
        "t": 1763611200000
      },
      {
        "o": "3051.74",
        "h": "3061.44",
        "l": "3030.51",
        "c": "3033.25",
        "v": "3982.2394",
        "t": 1763614800000
      },
      {
        "o": "3033.19",
        "h": "3040.72",
        "l": "3004.92",
        "c": "3018.60",
        "v": "4358.3446",
        "t": 1763618400000
      },
      {
        "o": "3018.44",
        "h": "3041.61",
        "l": "3012.82",
        "c": "3036.72",
        "v": "3367.4242",
        "t": 1763622000000
      },
      {
        "o": "3036.97",
        "h": "3042.40",
        "l": "3019.92",
        "c": "3028.44",
        "v": "3987.0164",
        "t": 1763625600000
      },
      {
        "o": "3028.35",
        "h": "3031.85",
        "l": "2992.66",
        "c": "3008.91",
        "v": "4765.414",
        "t": 1763629200000
      },
      {
        "o": "3009.00",
        "h": "3018.17",
        "l": "2990.13",
        "c": "3012.60",
        "v": "4119.3393",
        "t": 1763632800000
      },
      {
        "o": "3012.60",
        "h": "3024.48",
        "l": "2998.96",
        "c": "3020.40",
        "v": "2431.1488",
        "t": 1763636400000
      },
      {
        "o": "3020.43",
        "h": "3030.51",
        "l": "3007.62",
        "c": "3025.92",
        "v": "6771.9506",
        "t": 1763640000000
      },
      {
        "o": "3026.09",
        "h": "3047.16",
        "l": "2993.99",
        "c": "2997.29",
        "v": "20058.9604",
        "t": 1763643600000
      },
      {
        "o": "2997.44",
        "h": "3019.92",
        "l": "2960.64",
        "c": "2998.09",
        "v": "29402.1386",
        "t": 1763647200000
      },
      {
        "o": "2998.18",
        "h": "3001.05",
        "l": "2958.36",
        "c": "2977.75",
        "v": "14021.2698",
        "t": 1763650800000
      }
    ],
    "instrument_name": "ETHUSD-PERP"
  }
}

================================================================================
Timestamp: 2025-11-20 15:41:05 UTC
Feature: get_candlestick.feature
Scenario: Valid candlestick data retrieval -- @1.3 
Status: Status.passed

Request URL:
https://api.crypto.com/exchange/v1/public/get-candlestick?instrument_name=BTC_USDT&timeframe=1D

Response:
{
  "id": -1,
  "method": "public/get-candlestick",
  "code": 0,
  "result": {
    "interval": "1D",
    "data": [
      {
        "o": "114545.17",
        "h": "116398.99",
        "l": "113833.31",
        "c": "114099.99",
        "v": "4260.64865",
        "t": 1761523200000
      },
      {
        "o": "114100.00",
        "h": "116102.51",
        "l": "112192.56",
        "c": "112889.99",
        "v": "4825.30157",
        "t": 1761609600000
      },
      {
        "o": "112889.85",
        "h": "113652.00",
        "l": "109166.66",
        "c": "110020.99",
        "v": "6104.87511",
        "t": 1761696000000
      },
      {
        "o": "110021.00",
        "h": "111612.72",
        "l": "106256.78",
        "c": "108308.99",
        "v": "7223.30211",
        "t": 1761782400000
      },
      {
        "o": "108310.00",
        "h": "111167.68",
        "l": "108273.50",
        "c": "109608.63",
        "v": "6345.33076",
        "t": 1761868800000
      },
      {
        "o": "109608.64",
        "h": "110555.00",
        "l": "109387.23",
        "c": "110130.00",
        "v": "1414.08729",
        "t": 1761955200000
      },
      {
        "o": "110100.01",
        "h": "111245.27",
        "l": "109476.31",
        "c": "110540.66",
        "v": "2212.45193",
        "t": 1762041600000
      },
      {
        "o": "110540.66",
        "h": "110756.98",
        "l": "105295.77",
        "c": "106579.00",
        "v": "8288.40899",
        "t": 1762128000000
      },
      {
        "o": "106582.00",
        "h": "107299.99",
        "l": "98911.32",
        "c": "101493.01",
        "v": "12588.85584",
        "t": 1762214400000
      },
      {
        "o": "101500.00",
        "h": "104552.24",
        "l": "98945.85",
        "c": "103881.01",
        "v": "8339.03691",
        "t": 1762300800000
      },
      {
        "o": "103881.01",
        "h": "104240.98",
        "l": "100288.00",
        "c": "101342.86",
        "v": "8376.20914",
        "t": 1762387200000
      },
      {
        "o": "101347.01",
        "h": "104095.00",
        "l": "99250.00",
        "c": "103344.99",
        "v": "7842.89229",
        "t": 1762473600000
      },
      {
        "o": "103345.00",
        "h": "103410.99",
        "l": "101457.00",
        "c": "102319.00",
        "v": "3022.94334",
        "t": 1762560000000
      },
      {
        "o": "102319.00",
        "h": "105504.31",
        "l": "101387.78",
        "c": "104737.09",
        "v": "3425.32203",
        "t": 1762646400000
      },
      {
        "o": "104724.01",
        "h": "106682.96",
        "l": "104240.70",
        "c": "106010.28",
        "v": "4869.18513",
        "t": 1762732800000
      },
      {
        "o": "106015.00",
        "h": "107541.55",
        "l": "102438.54",
        "c": "103053.09",
        "v": "5869.76313",
        "t": 1762819200000
      },
      {
        "o": "103059.00",
        "h": "105333.26",
        "l": "100786.32",
        "c": "101655.32",
        "v": "5584.85208",
        "t": 1762905600000
      },
      {
        "o": "101655.01",
        "h": "104069.42",
        "l": "97995.98",
        "c": "99687.43",
        "v": "10374.31309",
        "t": 1762992000000
      },
      {
        "o": "99687.44",
        "h": "99881.58",
        "l": "94000.00",
        "c": "94589.99",
        "v": "12741.7917",
        "t": 1763078400000
      },
      {
        "o": "94590.00",
        "h": "96830.97",
        "l": "94559.88",
        "c": "95598.00",
        "v": "4146.78185",
        "t": 1763164800000
      },
      {
        "o": "95598.00",
        "h": "96639.57",
        "l": "92972.09",
        "c": "94266.88",
        "v": "6614.55254",
        "t": 1763251200000
      },
      {
        "o": "94259.86",
        "h": "96347.33",
        "l": "91278.17",
        "c": "92202.86",
        "v": "10356.98062",
        "t": 1763337600000
      },
      {
        "o": "92212.47",
        "h": "93903.08",
        "l": "89282.04",
        "c": "92960.24",
        "v": "9693.4274",
        "t": 1763424000000
      },
      {
        "o": "92960.83",
        "h": "92984.40",
        "l": "88588.30",
        "c": "91551.70",
        "v": "9577.62112",
        "t": 1763510400000
      },
      {
        "o": "91558.01",
        "h": "93180.78",
        "l": "90209.01",
        "c": "90395.99",
        "v": "4397.47287",
        "t": 1763596800000
      }
    ],
    "instrument_name": "BTC_USDT"
  }
}

================================================================================
Timestamp: 2025-11-20 15:41:05 UTC
Feature: get_candlestick.feature
Scenario: Missing instrument name
Status: Status.passed

Request URL:
https://api.crypto.com/exchange/v1/public/get-candlestick?instrument_name=xxx&timeframe=M5

Response:
{
  "code": 40004,
  "message": "Invalid instrument_name"
}

================================================================================
Timestamp: 2025-11-20 15:41:06 UTC
Feature: get_candlestick.feature
Scenario: Invalid timeframe
Status: Status.passed

Request URL:
https://api.crypto.com/exchange/v1/public/get-candlestick?instrument_name=BTCUSD-PERP&timeframe=Z9

Response:
{
  "code": 40003,
  "message": "Invalid request"
}

================================================================================
Timestamp: 2025-11-20 15:43:28 UTC
Feature: get_candlestick.feature
Scenario: Valid candlestick data retrieval -- @1.1 
Status: Status.passed

Request URL:
https://api.crypto.com/exchange/v1/public/get-candlestick?instrument_name=BTCUSD-PERP&timeframe=1m

Response:
{
  "id": -1,
  "method": "public/get-candlestick",
  "code": 0,
  "result": {
    "interval": "1m",
    "data": [
      {
        "o": "90418.5",
        "h": "90477.6",
        "l": "90343.8",
        "c": "90458.0",
        "v": "35.7264",
        "t": 1763651940000
      },
      {
        "o": "90460.4",
        "h": "90573.5",
        "l": "90420.3",
        "c": "90522.6",
        "v": "23.9874",
        "t": 1763652000000
      },
      {
        "o": "90523.8",
        "h": "90537.1",
        "l": "90353.0",
        "c": "90511.2",
        "v": "24.6923",
        "t": 1763652060000
      },
      {
        "o": "90508.6",
        "h": "90567.6",
        "l": "90474.6",
        "c": "90522.6",
        "v": "22.4395",
        "t": 1763652120000
      },
      {
        "o": "90513.0",
        "h": "90711.2",
        "l": "90499.5",
        "c": "90690.9",
        "v": "38.8008",
        "t": 1763652180000
      },
      {
        "o": "90687.5",
        "h": "90757.8",
        "l": "90646.2",
        "c": "90692.8",
        "v": "25.219",
        "t": 1763652240000
      },
      {
        "o": "90694.8",
        "h": "90721.6",
        "l": "90583.8",
        "c": "90624.6",
        "v": "34.2355",
        "t": 1763652300000
      },
      {
        "o": "90622.0",
        "h": "90696.1",
        "l": "90612.1",
        "c": "90646.0",
        "v": "37.9786",
        "t": 1763652360000
      },
      {
        "o": "90643.1",
        "h": "90643.1",
        "l": "90413.1",
        "c": "90487.9",
        "v": "35.894",
        "t": 1763652420000
      },
      {
        "o": "90494.5",
        "h": "90589.5",
        "l": "90469.9",
        "c": "90570.0",
        "v": "17.9769",
        "t": 1763652480000
      },
      {
        "o": "90568.2",
        "h": "90614.6",
        "l": "90522.4",
        "c": "90544.5",
        "v": "22.7022",
        "t": 1763652540000
      },
      {
        "o": "90541.8",
        "h": "90541.8",
        "l": "90291.8",
        "c": "90310.5",
        "v": "38.0527",
        "t": 1763652600000
      },
      {
        "o": "90308.2",
        "h": "90422.5",
        "l": "90308.2",
        "c": "90416.3",
        "v": "16.6795",
        "t": 1763652660000
      },
      {
        "o": "90423.0",
        "h": "90542.6",
        "l": "90394.1",
        "c": "90426.6",
        "v": "29.4717",
        "t": 1763652720000
      },
      {
        "o": "90424.8",
        "h": "90424.8",
        "l": "90222.0",
        "c": "90262.8",
        "v": "37.924",
        "t": 1763652780000
      },
      {
        "o": "90259.5",
        "h": "90318.8",
        "l": "90195.0",
        "c": "90206.1",
        "v": "32.1693",
        "t": 1763652840000
      },
      {
        "o": "90210.3",
        "h": "90337.8",
        "l": "90120.7",
        "c": "90309.6",
        "v": "36.7031",
        "t": 1763652900000
      },
      {
        "o": "90318.2",
        "h": "90451.5",
        "l": "90311.0",
        "c": "90434.7",
        "v": "29.0721",
        "t": 1763652960000
      },
      {
        "o": "90436.5",
        "h": "90613.0",
        "l": "90435.6",
        "c": "90576.3",
        "v": "23.3115",
        "t": 1763653020000
      },
      {
        "o": "90582.7",
        "h": "90582.7",
        "l": "90475.5",
        "c": "90554.1",
        "v": "23.4868",
        "t": 1763653080000
      },
      {
        "o": "90551.1",
        "h": "90551.1",
        "l": "90442.3",
        "c": "90442.3",
        "v": "24.5675",
        "t": 1763653140000
      },
      {
        "o": "90434.1",
        "h": "90439.9",
        "l": "90269.0",
        "c": "90301.5",
        "v": "32.8412",
        "t": 1763653200000
      },
      {
        "o": "90303.3",
        "h": "90370.0",
        "l": "90288.0",
        "c": "90333.5",
        "v": "32.0021",
        "t": 1763653260000
      },
      {
        "o": "90332.6",
        "h": "90407.0",
        "l": "90293.6",
        "c": "90352.7",
        "v": "16.5037",
        "t": 1763653320000
      },
      {
        "o": "90351.9",
        "h": "90451.7",
        "l": "90351.9",
        "c": "90447.3",
        "v": "9.3868",
        "t": 1763653380000
      }
    ],
    "instrument_name": "BTCUSD-PERP"
  }
}

================================================================================
Timestamp: 2025-11-20 15:43:29 UTC
Feature: get_candlestick.feature
Scenario: Valid candlestick data retrieval -- @1.2 
Status: Status.passed

Request URL:
https://api.crypto.com/exchange/v1/public/get-candlestick?instrument_name=ETHUSD-PERP&timeframe=1h

Response:
{
  "id": -1,
  "method": "public/get-candlestick",
  "code": 0,
  "result": {
    "interval": "1h",
    "data": [
      {
        "o": "3059.04",
        "h": "3105.17",
        "l": "2964.75",
        "c": "2971.26",
        "v": "32932.8363",
        "t": 1763564400000
      },
      {
        "o": "2970.96",
        "h": "2985.54",
        "l": "2934.06",
        "c": "2948.02",
        "v": "26383.5079",
        "t": 1763568000000
      },
      {
        "o": "2948.03",
        "h": "2959.53",
        "l": "2896.20",
        "c": "2920.76",
        "v": "28822.5988",
        "t": 1763571600000
      },
      {
        "o": "2920.80",
        "h": "2928.10",
        "l": "2877.78",
        "c": "2896.98",
        "v": "24559.4016",
        "t": 1763575200000
      },
      {
        "o": "2897.01",
        "h": "2903.55",
        "l": "2869.86",
        "c": "2878.86",
        "v": "14529.2188",
        "t": 1763578800000
      },
      {
        "o": "2878.92",
        "h": "2954.10",
        "l": "2871.63",
        "c": "2942.35",
        "v": "17346.5092",
        "t": 1763582400000
      },
      {
        "o": "2942.78",
        "h": "3000.07",
        "l": "2935.74",
        "c": "2988.75",
        "v": "22776.2112",
        "t": 1763586000000
      },
      {
        "o": "2988.71",
        "h": "2989.51",
        "l": "2953.20",
        "c": "2981.49",
        "v": "6591.2174",
        "t": 1763589600000
      },
      {
        "o": "2981.68",
        "h": "3025.65",
        "l": "2981.52",
        "c": "3022.99",
        "v": "8006.8557",
        "t": 1763593200000
      },
      {
        "o": "3022.99",
        "h": "3046.92",
        "l": "3001.86",
        "c": "3016.73",
        "v": "8835.7856",
        "t": 1763596800000
      },
      {
        "o": "3016.62",
        "h": "3048.50",
        "l": "3016.08",
        "c": "3045.44",
        "v": "6939.8763",
        "t": 1763600400000
      },
      {
        "o": "3045.24",
        "h": "3055.90",
        "l": "3027.35",
        "c": "3041.52",
        "v": "8116.1245",
        "t": 1763604000000
      },
      {
        "o": "3041.59",
        "h": "3051.27",
        "l": "3034.45",
        "c": "3036.45",
        "v": "4918.068",
        "t": 1763607600000
      },
      {
        "o": "3036.52",
        "h": "3053.16",
        "l": "3014.61",
        "c": "3051.83",
        "v": "5549.6407",
        "t": 1763611200000
      },
      {
        "o": "3051.74",
        "h": "3061.44",
        "l": "3030.51",
        "c": "3033.25",
        "v": "3982.2394",
        "t": 1763614800000
      },
      {
        "o": "3033.19",
        "h": "3040.72",
        "l": "3004.92",
        "c": "3018.60",
        "v": "4358.3446",
        "t": 1763618400000
      },
      {
        "o": "3018.44",
        "h": "3041.61",
        "l": "3012.82",
        "c": "3036.72",
        "v": "3367.4242",
        "t": 1763622000000
      },
      {
        "o": "3036.97",
        "h": "3042.40",
        "l": "3019.92",
        "c": "3028.44",
        "v": "3987.0164",
        "t": 1763625600000
      },
      {
        "o": "3028.35",
        "h": "3031.85",
        "l": "2992.66",
        "c": "3008.91",
        "v": "4765.414",
        "t": 1763629200000
      },
      {
        "o": "3009.00",
        "h": "3018.17",
        "l": "2990.13",
        "c": "3012.60",
        "v": "4119.3393",
        "t": 1763632800000
      },
      {
        "o": "3012.60",
        "h": "3024.48",
        "l": "2998.96",
        "c": "3020.40",
        "v": "2431.1488",
        "t": 1763636400000
      },
      {
        "o": "3020.43",
        "h": "3030.51",
        "l": "3007.62",
        "c": "3025.92",
        "v": "6771.9506",
        "t": 1763640000000
      },
      {
        "o": "3026.09",
        "h": "3047.16",
        "l": "2993.99",
        "c": "2997.29",
        "v": "20058.9604",
        "t": 1763643600000
      },
      {
        "o": "2997.44",
        "h": "3019.92",
        "l": "2960.64",
        "c": "2998.09",
        "v": "29402.1386",
        "t": 1763647200000
      },
      {
        "o": "2998.18",
        "h": "3001.05",
        "l": "2958.36",
        "c": "2984.34",
        "v": "14658.6636",
        "t": 1763650800000
      }
    ],
    "instrument_name": "ETHUSD-PERP"
  }
}

================================================================================
Timestamp: 2025-11-20 15:43:29 UTC
Feature: get_candlestick.feature
Scenario: Valid candlestick data retrieval -- @1.3 
Status: Status.passed

Request URL:
https://api.crypto.com/exchange/v1/public/get-candlestick?instrument_name=BTC_USDT&timeframe=1D

Response:
{
  "id": -1,
  "method": "public/get-candlestick",
  "code": 0,
  "result": {
    "interval": "1D",
    "data": [
      {
        "o": "114545.17",
        "h": "116398.99",
        "l": "113833.31",
        "c": "114099.99",
        "v": "4260.64865",
        "t": 1761523200000
      },
      {
        "o": "114100.00",
        "h": "116102.51",
        "l": "112192.56",
        "c": "112889.99",
        "v": "4825.30157",
        "t": 1761609600000
      },
      {
        "o": "112889.85",
        "h": "113652.00",
        "l": "109166.66",
        "c": "110020.99",
        "v": "6104.87511",
        "t": 1761696000000
      },
      {
        "o": "110021.00",
        "h": "111612.72",
        "l": "106256.78",
        "c": "108308.99",
        "v": "7223.30211",
        "t": 1761782400000
      },
      {
        "o": "108310.00",
        "h": "111167.68",
        "l": "108273.50",
        "c": "109608.63",
        "v": "6345.33076",
        "t": 1761868800000
      },
      {
        "o": "109608.64",
        "h": "110555.00",
        "l": "109387.23",
        "c": "110130.00",
        "v": "1414.08729",
        "t": 1761955200000
      },
      {
        "o": "110100.01",
        "h": "111245.27",
        "l": "109476.31",
        "c": "110540.66",
        "v": "2212.45193",
        "t": 1762041600000
      },
      {
        "o": "110540.66",
        "h": "110756.98",
        "l": "105295.77",
        "c": "106579.00",
        "v": "8288.40899",
        "t": 1762128000000
      },
      {
        "o": "106582.00",
        "h": "107299.99",
        "l": "98911.32",
        "c": "101493.01",
        "v": "12588.85584",
        "t": 1762214400000
      },
      {
        "o": "101500.00",
        "h": "104552.24",
        "l": "98945.85",
        "c": "103881.01",
        "v": "8339.03691",
        "t": 1762300800000
      },
      {
        "o": "103881.01",
        "h": "104240.98",
        "l": "100288.00",
        "c": "101342.86",
        "v": "8376.20914",
        "t": 1762387200000
      },
      {
        "o": "101347.01",
        "h": "104095.00",
        "l": "99250.00",
        "c": "103344.99",
        "v": "7842.89229",
        "t": 1762473600000
      },
      {
        "o": "103345.00",
        "h": "103410.99",
        "l": "101457.00",
        "c": "102319.00",
        "v": "3022.94334",
        "t": 1762560000000
      },
      {
        "o": "102319.00",
        "h": "105504.31",
        "l": "101387.78",
        "c": "104737.09",
        "v": "3425.32203",
        "t": 1762646400000
      },
      {
        "o": "104724.01",
        "h": "106682.96",
        "l": "104240.70",
        "c": "106010.28",
        "v": "4869.18513",
        "t": 1762732800000
      },
      {
        "o": "106015.00",
        "h": "107541.55",
        "l": "102438.54",
        "c": "103053.09",
        "v": "5869.76313",
        "t": 1762819200000
      },
      {
        "o": "103059.00",
        "h": "105333.26",
        "l": "100786.32",
        "c": "101655.32",
        "v": "5584.85208",
        "t": 1762905600000
      },
      {
        "o": "101655.01",
        "h": "104069.42",
        "l": "97995.98",
        "c": "99687.43",
        "v": "10374.31309",
        "t": 1762992000000
      },
      {
        "o": "99687.44",
        "h": "99881.58",
        "l": "94000.00",
        "c": "94589.99",
        "v": "12741.7917",
        "t": 1763078400000
      },
      {
        "o": "94590.00",
        "h": "96830.97",
        "l": "94559.88",
        "c": "95598.00",
        "v": "4146.78185",
        "t": 1763164800000
      },
      {
        "o": "95598.00",
        "h": "96639.57",
        "l": "92972.09",
        "c": "94266.88",
        "v": "6614.55254",
        "t": 1763251200000
      },
      {
        "o": "94259.86",
        "h": "96347.33",
        "l": "91278.17",
        "c": "92202.86",
        "v": "10356.98062",
        "t": 1763337600000
      },
      {
        "o": "92212.47",
        "h": "93903.08",
        "l": "89282.04",
        "c": "92960.24",
        "v": "9693.4274",
        "t": 1763424000000
      },
      {
        "o": "92960.83",
        "h": "92984.40",
        "l": "88588.30",
        "c": "91551.70",
        "v": "9577.62112",
        "t": 1763510400000
      },
      {
        "o": "91558.01",
        "h": "93180.78",
        "l": "90209.01",
        "c": "90530.18",
        "v": "4422.28375",
        "t": 1763596800000
      }
    ],
    "instrument_name": "BTC_USDT"
  }
}

================================================================================
Timestamp: 2025-11-20 15:43:30 UTC
Feature: get_candlestick.feature
Scenario: Missing instrument name
Status: Status.passed

Request URL:
https://api.crypto.com/exchange/v1/public/get-candlestick?instrument_name=xxx&timeframe=M5

Response:
{
  "code": 40004,
  "message": "Invalid instrument_name"
}

================================================================================
Timestamp: 2025-11-20 15:43:30 UTC
Feature: get_candlestick.feature
Scenario: Invalid timeframe
Status: Status.passed

Request URL:
https://api.crypto.com/exchange/v1/public/get-candlestick?instrument_name=BTCUSD-PERP&timeframe=Z9

Response:
{
  "code": 40003,
  "message": "Invalid request"
}

================================================================================
Timestamp: 2025-11-20 16:06:10 UTC
Feature: get_candlestick.feature
Scenario: Valid candlestick data retrieval -- @1.1 
Status: Status.passed

Request URL:
https://api.crypto.com/exchange/v1/public/get-candlestick?instrument_name=BTCUSD-PERP&timeframe=1m

Response:
{
  "id": -1,
  "method": "public/get-candlestick",
  "code": 0,
  "result": {
    "interval": "1m",
    "data": [
      {
        "o": "90332.6",
        "h": "90407.0",
        "l": "90293.6",
        "c": "90352.7",
        "v": "16.5037",
        "t": 1763653320000
      },
      {
        "o": "90351.9",
        "h": "90495.4",
        "l": "90351.9",
        "c": "90441.9",
        "v": "20.1942",
        "t": 1763653380000
      },
      {
        "o": "90455.4",
        "h": "90525.9",
        "l": "90455.4",
        "c": "90502.2",
        "v": "13.5232",
        "t": 1763653440000
      },
      {
        "o": "90503.0",
        "h": "90517.6",
        "l": "90401.4",
        "c": "90447.0",
        "v": "23.0027",
        "t": 1763653500000
      },
      {
        "o": "90451.2",
        "h": "90503.6",
        "l": "90333.2",
        "c": "90369.0",
        "v": "26.7681",
        "t": 1763653560000
      },
      {
        "o": "90358.2",
        "h": "90405.1",
        "l": "90299.4",
        "c": "90306.0",
        "v": "20.3583",
        "t": 1763653620000
      },
      {
        "o": "90303.6",
        "h": "90303.6",
        "l": "90151.6",
        "c": "90238.0",
        "v": "33.2953",
        "t": 1763653680000
      },
      {
        "o": "90239.0",
        "h": "90382.6",
        "l": "90167.4",
        "c": "90313.0",
        "v": "25.2085",
        "t": 1763653740000
      },
      {
        "o": "90311.3",
        "h": "90312.3",
        "l": "90205.2",
        "c": "90230.3",
        "v": "25.9921",
        "t": 1763653800000
      },
      {
        "o": "90231.2",
        "h": "90300.9",
        "l": "90085.8",
        "c": "90085.8",
        "v": "38.5738",
        "t": 1763653860000
      },
      {
        "o": "90087.3",
        "h": "90155.6",
        "l": "90059.5",
        "c": "90089.9",
        "v": "27.7482",
        "t": 1763653920000
      },
      {
        "o": "90087.1",
        "h": "90146.6",
        "l": "90033.7",
        "c": "90135.0",
        "v": "21.6954",
        "t": 1763653980000
      },
      {
        "o": "90139.5",
        "h": "90169.1",
        "l": "90069.1",
        "c": "90092.6",
        "v": "23.7849",
        "t": 1763654040000
      },
      {
        "o": "90090.0",
        "h": "90091.4",
        "l": "89997.0",
        "c": "90067.2",
        "v": "23.3236",
        "t": 1763654100000
      },
      {
        "o": "90070.2",
        "h": "90102.6",
        "l": "89976.7",
        "c": "89992.0",
        "v": "20.023",
        "t": 1763654160000
      },
      {
        "o": "89990.9",
        "h": "90138.3",
        "l": "89974.1",
        "c": "90102.3",
        "v": "26.3174",
        "t": 1763654220000
      },
      {
        "o": "90101.0",
        "h": "90101.0",
        "l": "89878.1",
        "c": "89914.5",
        "v": "24.449",
        "t": 1763654280000
      },
      {
        "o": "89917.0",
        "h": "89917.0",
        "l": "89722.8",
        "c": "89763.6",
        "v": "27.2549",
        "t": 1763654340000
      },
      {
        "o": "89761.0",
        "h": "89815.8",
        "l": "89694.9",
        "c": "89726.1",
        "v": "37.2852",
        "t": 1763654400000
      },
      {
        "o": "89725.5",
        "h": "89793.8",
        "l": "89660.8",
        "c": "89757.2",
        "v": "40.6537",
        "t": 1763654460000
      },
      {
        "o": "89759.8",
        "h": "89794.3",
        "l": "89631.6",
        "c": "89631.6",
        "v": "32.7017",
        "t": 1763654520000
      },
      {
        "o": "89630.8",
        "h": "89655.8",
        "l": "89436.3",
        "c": "89469.0",
        "v": "41.0301",
        "t": 1763654580000
      },
      {
        "o": "89471.4",
        "h": "89494.9",
        "l": "89246.9",
        "c": "89309.6",
        "v": "49.5314",
        "t": 1763654640000
      },
      {
        "o": "89294.7",
        "h": "89357.8",
        "l": "88901.6",
        "c": "89034.1",
        "v": "41.9208",
        "t": 1763654700000
      },
      {
        "o": "89008.8",
        "h": "89123.6",
        "l": "88926.6",
        "c": "89096.3",
        "v": "10.2365",
        "t": 1763654760000
      }
    ],
    "instrument_name": "BTCUSD-PERP"
  }
}

================================================================================
Timestamp: 2025-11-20 16:06:11 UTC
Feature: get_candlestick.feature
Scenario: Valid candlestick data retrieval -- @1.2 
Status: Status.passed

Request URL:
https://api.crypto.com/exchange/v1/public/get-candlestick?instrument_name=ETHUSD-PERP&timeframe=1h

Response:
{
  "id": -1,
  "method": "public/get-candlestick",
  "code": 0,
  "result": {
    "interval": "1h",
    "data": [
      {
        "o": "2970.96",
        "h": "2985.54",
        "l": "2934.06",
        "c": "2948.02",
        "v": "26383.5079",
        "t": 1763568000000
      },
      {
        "o": "2948.03",
        "h": "2959.53",
        "l": "2896.20",
        "c": "2920.76",
        "v": "28822.5988",
        "t": 1763571600000
      },
      {
        "o": "2920.80",
        "h": "2928.10",
        "l": "2877.78",
        "c": "2896.98",
        "v": "24559.4016",
        "t": 1763575200000
      },
      {
        "o": "2897.01",
        "h": "2903.55",
        "l": "2869.86",
        "c": "2878.86",
        "v": "14529.2188",
        "t": 1763578800000
      },
      {
        "o": "2878.92",
        "h": "2954.10",
        "l": "2871.63",
        "c": "2942.35",
        "v": "17346.5092",
        "t": 1763582400000
      },
      {
        "o": "2942.78",
        "h": "3000.07",
        "l": "2935.74",
        "c": "2988.75",
        "v": "22776.2112",
        "t": 1763586000000
      },
      {
        "o": "2988.71",
        "h": "2989.51",
        "l": "2953.20",
        "c": "2981.49",
        "v": "6591.2174",
        "t": 1763589600000
      },
      {
        "o": "2981.68",
        "h": "3025.65",
        "l": "2981.52",
        "c": "3022.99",
        "v": "8006.8557",
        "t": 1763593200000
      },
      {
        "o": "3022.99",
        "h": "3046.92",
        "l": "3001.86",
        "c": "3016.73",
        "v": "8835.7856",
        "t": 1763596800000
      },
      {
        "o": "3016.62",
        "h": "3048.50",
        "l": "3016.08",
        "c": "3045.44",
        "v": "6939.8763",
        "t": 1763600400000
      },
      {
        "o": "3045.24",
        "h": "3055.90",
        "l": "3027.35",
        "c": "3041.52",
        "v": "8116.1245",
        "t": 1763604000000
      },
      {
        "o": "3041.59",
        "h": "3051.27",
        "l": "3034.45",
        "c": "3036.45",
        "v": "4918.068",
        "t": 1763607600000
      },
      {
        "o": "3036.52",
        "h": "3053.16",
        "l": "3014.61",
        "c": "3051.83",
        "v": "5549.6407",
        "t": 1763611200000
      },
      {
        "o": "3051.74",
        "h": "3061.44",
        "l": "3030.51",
        "c": "3033.25",
        "v": "3982.2394",
        "t": 1763614800000
      },
      {
        "o": "3033.19",
        "h": "3040.72",
        "l": "3004.92",
        "c": "3018.60",
        "v": "4358.3446",
        "t": 1763618400000
      },
      {
        "o": "3018.44",
        "h": "3041.61",
        "l": "3012.82",
        "c": "3036.72",
        "v": "3367.4242",
        "t": 1763622000000
      },
      {
        "o": "3036.97",
        "h": "3042.40",
        "l": "3019.92",
        "c": "3028.44",
        "v": "3987.0164",
        "t": 1763625600000
      },
      {
        "o": "3028.35",
        "h": "3031.85",
        "l": "2992.66",
        "c": "3008.91",
        "v": "4765.414",
        "t": 1763629200000
      },
      {
        "o": "3009.00",
        "h": "3018.17",
        "l": "2990.13",
        "c": "3012.60",
        "v": "4119.3393",
        "t": 1763632800000
      },
      {
        "o": "3012.60",
        "h": "3024.48",
        "l": "2998.96",
        "c": "3020.40",
        "v": "2431.1488",
        "t": 1763636400000
      },
      {
        "o": "3020.43",
        "h": "3030.51",
        "l": "3007.62",
        "c": "3025.92",
        "v": "6771.9506",
        "t": 1763640000000
      },
      {
        "o": "3026.09",
        "h": "3047.16",
        "l": "2993.99",
        "c": "2997.29",
        "v": "20058.9604",
        "t": 1763643600000
      },
      {
        "o": "2997.44",
        "h": "3019.92",
        "l": "2960.64",
        "c": "2998.09",
        "v": "29402.1386",
        "t": 1763647200000
      },
      {
        "o": "2998.18",
        "h": "3001.05",
        "l": "2949.39",
        "c": "2952.53",
        "v": "19903.5557",
        "t": 1763650800000
      },
      {
        "o": "2952.48",
        "h": "2958.65",
        "l": "2913.40",
        "c": "2926.26",
        "v": "4445.3258",
        "t": 1763654400000
      }
    ],
    "instrument_name": "ETHUSD-PERP"
  }
}

================================================================================
Timestamp: 2025-11-20 16:06:11 UTC
Feature: get_candlestick.feature
Scenario: Valid candlestick data retrieval -- @1.3 
Status: Status.passed

Request URL:
https://api.crypto.com/exchange/v1/public/get-candlestick?instrument_name=BTC_USDT&timeframe=1D

Response:
{
  "id": -1,
  "method": "public/get-candlestick",
  "code": 0,
  "result": {
    "interval": "1D",
    "data": [
      {
        "o": "114545.17",
        "h": "116398.99",
        "l": "113833.31",
        "c": "114099.99",
        "v": "4260.64865",
        "t": 1761523200000
      },
      {
        "o": "114100.00",
        "h": "116102.51",
        "l": "112192.56",
        "c": "112889.99",
        "v": "4825.30157",
        "t": 1761609600000
      },
      {
        "o": "112889.85",
        "h": "113652.00",
        "l": "109166.66",
        "c": "110020.99",
        "v": "6104.87511",
        "t": 1761696000000
      },
      {
        "o": "110021.00",
        "h": "111612.72",
        "l": "106256.78",
        "c": "108308.99",
        "v": "7223.30211",
        "t": 1761782400000
      },
      {
        "o": "108310.00",
        "h": "111167.68",
        "l": "108273.50",
        "c": "109608.63",
        "v": "6345.33076",
        "t": 1761868800000
      },
      {
        "o": "109608.64",
        "h": "110555.00",
        "l": "109387.23",
        "c": "110130.00",
        "v": "1414.08729",
        "t": 1761955200000
      },
      {
        "o": "110100.01",
        "h": "111245.27",
        "l": "109476.31",
        "c": "110540.66",
        "v": "2212.45193",
        "t": 1762041600000
      },
      {
        "o": "110540.66",
        "h": "110756.98",
        "l": "105295.77",
        "c": "106579.00",
        "v": "8288.40899",
        "t": 1762128000000
      },
      {
        "o": "106582.00",
        "h": "107299.99",
        "l": "98911.32",
        "c": "101493.01",
        "v": "12588.85584",
        "t": 1762214400000
      },
      {
        "o": "101500.00",
        "h": "104552.24",
        "l": "98945.85",
        "c": "103881.01",
        "v": "8339.03691",
        "t": 1762300800000
      },
      {
        "o": "103881.01",
        "h": "104240.98",
        "l": "100288.00",
        "c": "101342.86",
        "v": "8376.20914",
        "t": 1762387200000
      },
      {
        "o": "101347.01",
        "h": "104095.00",
        "l": "99250.00",
        "c": "103344.99",
        "v": "7842.89229",
        "t": 1762473600000
      },
      {
        "o": "103345.00",
        "h": "103410.99",
        "l": "101457.00",
        "c": "102319.00",
        "v": "3022.94334",
        "t": 1762560000000
      },
      {
        "o": "102319.00",
        "h": "105504.31",
        "l": "101387.78",
        "c": "104737.09",
        "v": "3425.32203",
        "t": 1762646400000
      },
      {
        "o": "104724.01",
        "h": "106682.96",
        "l": "104240.70",
        "c": "106010.28",
        "v": "4869.18513",
        "t": 1762732800000
      },
      {
        "o": "106015.00",
        "h": "107541.55",
        "l": "102438.54",
        "c": "103053.09",
        "v": "5869.76313",
        "t": 1762819200000
      },
      {
        "o": "103059.00",
        "h": "105333.26",
        "l": "100786.32",
        "c": "101655.32",
        "v": "5584.85208",
        "t": 1762905600000
      },
      {
        "o": "101655.01",
        "h": "104069.42",
        "l": "97995.98",
        "c": "99687.43",
        "v": "10374.31309",
        "t": 1762992000000
      },
      {
        "o": "99687.44",
        "h": "99881.58",
        "l": "94000.00",
        "c": "94589.99",
        "v": "12741.7917",
        "t": 1763078400000
      },
      {
        "o": "94590.00",
        "h": "96830.97",
        "l": "94559.88",
        "c": "95598.00",
        "v": "4146.78185",
        "t": 1763164800000
      },
      {
        "o": "95598.00",
        "h": "96639.57",
        "l": "92972.09",
        "c": "94266.88",
        "v": "6614.55254",
        "t": 1763251200000
      },
      {
        "o": "94259.86",
        "h": "96347.33",
        "l": "91278.17",
        "c": "92202.86",
        "v": "10356.98062",
        "t": 1763337600000
      },
      {
        "o": "92212.47",
        "h": "93903.08",
        "l": "89282.04",
        "c": "92960.24",
        "v": "9693.4274",
        "t": 1763424000000
      },
      {
        "o": "92960.83",
        "h": "92984.40",
        "l": "88588.30",
        "c": "91551.70",
        "v": "9577.62112",
        "t": 1763510400000
      },
      {
        "o": "91558.01",
        "h": "93180.78",
        "l": "89004.94",
        "c": "89220.80",
        "v": "4703.99779",
        "t": 1763596800000
      }
    ],
    "instrument_name": "BTC_USDT"
  }
}

================================================================================
Timestamp: 2025-11-20 16:06:12 UTC
Feature: get_candlestick.feature
Scenario: Missing instrument name
Status: Status.passed

Request URL:
https://api.crypto.com/exchange/v1/public/get-candlestick?instrument_name=xxx&timeframe=M5

Response:
{
  "code": 40004,
  "message": "Invalid instrument_name"
}

================================================================================
Timestamp: 2025-11-20 16:06:13 UTC
Feature: get_candlestick.feature
Scenario: Invalid timeframe
Status: Status.passed

Request URL:
https://api.crypto.com/exchange/v1/public/get-candlestick?instrument_name=BTCUSD-PERP&timeframe=Z9

Response:
{
  "code": 40003,
  "message": "Invalid request"
}

================================================================================
Timestamp: 2025-11-20 16:23:13 UTC
Feature: get_candlestick.feature
Scenario: Valid candlestick data retrieval -- @1.1 
Status: Status.passed

Request URL:
https://api.crypto.com/exchange/v1/public/get-candlestick?instrument_name=BTCUSD-PERP&timeframe=1m

Response:
{
  "id": -1,
  "method": "public/get-candlestick",
  "code": 0,
  "result": {
    "interval": "1m",
    "data": [
      {
        "o": "89917.0",
        "h": "89917.0",
        "l": "89722.8",
        "c": "89763.6",
        "v": "27.2549",
        "t": 1763654340000
      },
      {
        "o": "89761.0",
        "h": "89815.8",
        "l": "89694.9",
        "c": "89726.1",
        "v": "37.2852",
        "t": 1763654400000
      },
      {
        "o": "89725.5",
        "h": "89793.8",
        "l": "89660.8",
        "c": "89757.2",
        "v": "40.6537",
        "t": 1763654460000
      },
      {
        "o": "89759.8",
        "h": "89794.3",
        "l": "89631.6",
        "c": "89631.6",
        "v": "32.7017",
        "t": 1763654520000
      },
      {
        "o": "89630.8",
        "h": "89655.8",
        "l": "89436.3",
        "c": "89469.0",
        "v": "41.0301",
        "t": 1763654580000
      },
      {
        "o": "89471.4",
        "h": "89494.9",
        "l": "89246.9",
        "c": "89309.6",
        "v": "49.5314",
        "t": 1763654640000
      },
      {
        "o": "89294.7",
        "h": "89357.8",
        "l": "88901.6",
        "c": "89034.1",
        "v": "41.9208",
        "t": 1763654700000
      },
      {
        "o": "89008.8",
        "h": "89247.5",
        "l": "88926.6",
        "c": "89108.5",
        "v": "41.9595",
        "t": 1763654760000
      },
      {
        "o": "89109.0",
        "h": "89114.6",
        "l": "88834.0",
        "c": "88864.8",
        "v": "45.2547",
        "t": 1763654820000
      },
      {
        "o": "88859.6",
        "h": "89057.6",
        "l": "88811.6",
        "c": "88976.6",
        "v": "38.4071",
        "t": 1763654880000
      },
      {
        "o": "88973.3",
        "h": "88973.3",
        "l": "88821.0",
        "c": "88857.0",
        "v": "34.7863",
        "t": 1763654940000
      },
      {
        "o": "88853.3",
        "h": "88890.5",
        "l": "88726.0",
        "c": "88877.8",
        "v": "49.6238",
        "t": 1763655000000
      },
      {
        "o": "88866.1",
        "h": "88866.1",
        "l": "88635.3",
        "c": "88643.0",
        "v": "34.1338",
        "t": 1763655060000
      },
      {
        "o": "88638.7",
        "h": "88738.8",
        "l": "88315.5",
        "c": "88509.4",
        "v": "47.9952",
        "t": 1763655120000
      },
      {
        "o": "88507.6",
        "h": "88756.6",
        "l": "88490.4",
        "c": "88740.9",
        "v": "43.1029",
        "t": 1763655180000
      },
      {
        "o": "88741.0",
        "h": "88759.9",
        "l": "88480.5",
        "c": "88614.6",
        "v": "44.3133",
        "t": 1763655240000
      },
      {
        "o": "88629.8",
        "h": "88775.5",
        "l": "88478.1",
        "c": "88628.8",
        "v": "50.87",
        "t": 1763655300000
      },
      {
        "o": "88631.6",
        "h": "88726.5",
        "l": "88493.4",
        "c": "88581.6",
        "v": "49.916",
        "t": 1763655360000
      },
      {
        "o": "88577.8",
        "h": "88629.8",
        "l": "88473.6",
        "c": "88626.1",
        "v": "46.8735",
        "t": 1763655420000
      },
      {
        "o": "88622.6",
        "h": "88750.8",
        "l": "88518.3",
        "c": "88549.1",
        "v": "54.5015",
        "t": 1763655480000
      },
      {
        "o": "88546.2",
        "h": "88684.4",
        "l": "88464.4",
        "c": "88628.8",
        "v": "46.3981",
        "t": 1763655540000
      },
      {
        "o": "88629.1",
        "h": "88766.0",
        "l": "88554.6",
        "c": "88561.1",
        "v": "52.1759",
        "t": 1763655600000
      },
      {
        "o": "88558.6",
        "h": "88572.8",
        "l": "88444.9",
        "c": "88518.3",
        "v": "41.1056",
        "t": 1763655660000
      },
      {
        "o": "88513.1",
        "h": "88513.1",
        "l": "88149.0",
        "c": "88198.3",
        "v": "46.6782",
        "t": 1763655720000
      },
      {
        "o": "88182.9",
        "h": "88306.1",
        "l": "88166.7",
        "c": "88303.6",
        "v": "11.6131",
        "t": 1763655780000
      }
    ],
    "instrument_name": "BTCUSD-PERP"
  }
}

================================================================================
Timestamp: 2025-11-20 16:23:13 UTC
Feature: get_candlestick.feature
Scenario: Valid candlestick data retrieval -- @1.2 
Status: Status.passed

Request URL:
https://api.crypto.com/exchange/v1/public/get-candlestick?instrument_name=ETHUSD-PERP&timeframe=1h

Response:
{
  "id": -1,
  "method": "public/get-candlestick",
  "code": 0,
  "result": {
    "interval": "1h",
    "data": [
      {
        "o": "2970.96",
        "h": "2985.54",
        "l": "2934.06",
        "c": "2948.02",
        "v": "26383.5079",
        "t": 1763568000000
      },
      {
        "o": "2948.03",
        "h": "2959.53",
        "l": "2896.20",
        "c": "2920.76",
        "v": "28822.5988",
        "t": 1763571600000
      },
      {
        "o": "2920.80",
        "h": "2928.10",
        "l": "2877.78",
        "c": "2896.98",
        "v": "24559.4016",
        "t": 1763575200000
      },
      {
        "o": "2897.01",
        "h": "2903.55",
        "l": "2869.86",
        "c": "2878.86",
        "v": "14529.2188",
        "t": 1763578800000
      },
      {
        "o": "2878.92",
        "h": "2954.10",
        "l": "2871.63",
        "c": "2942.35",
        "v": "17346.5092",
        "t": 1763582400000
      },
      {
        "o": "2942.78",
        "h": "3000.07",
        "l": "2935.74",
        "c": "2988.75",
        "v": "22776.2112",
        "t": 1763586000000
      },
      {
        "o": "2988.71",
        "h": "2989.51",
        "l": "2953.20",
        "c": "2981.49",
        "v": "6591.2174",
        "t": 1763589600000
      },
      {
        "o": "2981.68",
        "h": "3025.65",
        "l": "2981.52",
        "c": "3022.99",
        "v": "8006.8557",
        "t": 1763593200000
      },
      {
        "o": "3022.99",
        "h": "3046.92",
        "l": "3001.86",
        "c": "3016.73",
        "v": "8835.7856",
        "t": 1763596800000
      },
      {
        "o": "3016.62",
        "h": "3048.50",
        "l": "3016.08",
        "c": "3045.44",
        "v": "6939.8763",
        "t": 1763600400000
      },
      {
        "o": "3045.24",
        "h": "3055.90",
        "l": "3027.35",
        "c": "3041.52",
        "v": "8116.1245",
        "t": 1763604000000
      },
      {
        "o": "3041.59",
        "h": "3051.27",
        "l": "3034.45",
        "c": "3036.45",
        "v": "4918.068",
        "t": 1763607600000
      },
      {
        "o": "3036.52",
        "h": "3053.16",
        "l": "3014.61",
        "c": "3051.83",
        "v": "5549.6407",
        "t": 1763611200000
      },
      {
        "o": "3051.74",
        "h": "3061.44",
        "l": "3030.51",
        "c": "3033.25",
        "v": "3982.2394",
        "t": 1763614800000
      },
      {
        "o": "3033.19",
        "h": "3040.72",
        "l": "3004.92",
        "c": "3018.60",
        "v": "4358.3446",
        "t": 1763618400000
      },
      {
        "o": "3018.44",
        "h": "3041.61",
        "l": "3012.82",
        "c": "3036.72",
        "v": "3367.4242",
        "t": 1763622000000
      },
      {
        "o": "3036.97",
        "h": "3042.40",
        "l": "3019.92",
        "c": "3028.44",
        "v": "3987.0164",
        "t": 1763625600000
      },
      {
        "o": "3028.35",
        "h": "3031.85",
        "l": "2992.66",
        "c": "3008.91",
        "v": "4765.414",
        "t": 1763629200000
      },
      {
        "o": "3009.00",
        "h": "3018.17",
        "l": "2990.13",
        "c": "3012.60",
        "v": "4119.3393",
        "t": 1763632800000
      },
      {
        "o": "3012.60",
        "h": "3024.48",
        "l": "2998.96",
        "c": "3020.40",
        "v": "2431.1488",
        "t": 1763636400000
      },
      {
        "o": "3020.43",
        "h": "3030.51",
        "l": "3007.62",
        "c": "3025.92",
        "v": "6771.9506",
        "t": 1763640000000
      },
      {
        "o": "3026.09",
        "h": "3047.16",
        "l": "2993.99",
        "c": "2997.29",
        "v": "20058.9604",
        "t": 1763643600000
      },
      {
        "o": "2997.44",
        "h": "3019.92",
        "l": "2960.64",
        "c": "2998.09",
        "v": "29402.1386",
        "t": 1763647200000
      },
      {
        "o": "2998.18",
        "h": "3001.05",
        "l": "2949.39",
        "c": "2952.53",
        "v": "19903.5557",
        "t": 1763650800000
      },
      {
        "o": "2952.48",
        "h": "2958.65",
        "l": "2879.88",
        "c": "2889.24",
        "v": "18076.2687",
        "t": 1763654400000
      }
    ],
    "instrument_name": "ETHUSD-PERP"
  }
}

================================================================================
Timestamp: 2025-11-20 16:23:14 UTC
Feature: get_candlestick.feature
Scenario: Valid candlestick data retrieval -- @1.3 
Status: Status.passed

Request URL:
https://api.crypto.com/exchange/v1/public/get-candlestick?instrument_name=BTC_USDT&timeframe=1D

Response:
{
  "id": -1,
  "method": "public/get-candlestick",
  "code": 0,
  "result": {
    "interval": "1D",
    "data": [
      {
        "o": "114545.17",
        "h": "116398.99",
        "l": "113833.31",
        "c": "114099.99",
        "v": "4260.64865",
        "t": 1761523200000
      },
      {
        "o": "114100.00",
        "h": "116102.51",
        "l": "112192.56",
        "c": "112889.99",
        "v": "4825.30157",
        "t": 1761609600000
      },
      {
        "o": "112889.85",
        "h": "113652.00",
        "l": "109166.66",
        "c": "110020.99",
        "v": "6104.87511",
        "t": 1761696000000
      },
      {
        "o": "110021.00",
        "h": "111612.72",
        "l": "106256.78",
        "c": "108308.99",
        "v": "7223.30211",
        "t": 1761782400000
      },
      {
        "o": "108310.00",
        "h": "111167.68",
        "l": "108273.50",
        "c": "109608.63",
        "v": "6345.33076",
        "t": 1761868800000
      },
      {
        "o": "109608.64",
        "h": "110555.00",
        "l": "109387.23",
        "c": "110130.00",
        "v": "1414.08729",
        "t": 1761955200000
      },
      {
        "o": "110100.01",
        "h": "111245.27",
        "l": "109476.31",
        "c": "110540.66",
        "v": "2212.45193",
        "t": 1762041600000
      },
      {
        "o": "110540.66",
        "h": "110756.98",
        "l": "105295.77",
        "c": "106579.00",
        "v": "8288.40899",
        "t": 1762128000000
      },
      {
        "o": "106582.00",
        "h": "107299.99",
        "l": "98911.32",
        "c": "101493.01",
        "v": "12588.85584",
        "t": 1762214400000
      },
      {
        "o": "101500.00",
        "h": "104552.24",
        "l": "98945.85",
        "c": "103881.01",
        "v": "8339.03691",
        "t": 1762300800000
      },
      {
        "o": "103881.01",
        "h": "104240.98",
        "l": "100288.00",
        "c": "101342.86",
        "v": "8376.20914",
        "t": 1762387200000
      },
      {
        "o": "101347.01",
        "h": "104095.00",
        "l": "99250.00",
        "c": "103344.99",
        "v": "7842.89229",
        "t": 1762473600000
      },
      {
        "o": "103345.00",
        "h": "103410.99",
        "l": "101457.00",
        "c": "102319.00",
        "v": "3022.94334",
        "t": 1762560000000
      },
      {
        "o": "102319.00",
        "h": "105504.31",
        "l": "101387.78",
        "c": "104737.09",
        "v": "3425.32203",
        "t": 1762646400000
      },
      {
        "o": "104724.01",
        "h": "106682.96",
        "l": "104240.70",
        "c": "106010.28",
        "v": "4869.18513",
        "t": 1762732800000
      },
      {
        "o": "106015.00",
        "h": "107541.55",
        "l": "102438.54",
        "c": "103053.09",
        "v": "5869.76313",
        "t": 1762819200000
      },
      {
        "o": "103059.00",
        "h": "105333.26",
        "l": "100786.32",
        "c": "101655.32",
        "v": "5584.85208",
        "t": 1762905600000
      },
      {
        "o": "101655.01",
        "h": "104069.42",
        "l": "97995.98",
        "c": "99687.43",
        "v": "10374.31309",
        "t": 1762992000000
      },
      {
        "o": "99687.44",
        "h": "99881.58",
        "l": "94000.00",
        "c": "94589.99",
        "v": "12741.7917",
        "t": 1763078400000
      },
      {
        "o": "94590.00",
        "h": "96830.97",
        "l": "94559.88",
        "c": "95598.00",
        "v": "4146.78185",
        "t": 1763164800000
      },
      {
        "o": "95598.00",
        "h": "96639.57",
        "l": "92972.09",
        "c": "94266.88",
        "v": "6614.55254",
        "t": 1763251200000
      },
      {
        "o": "94259.86",
        "h": "96347.33",
        "l": "91278.17",
        "c": "92202.86",
        "v": "10356.98062",
        "t": 1763337600000
      },
      {
        "o": "92212.47",
        "h": "93903.08",
        "l": "89282.04",
        "c": "92960.24",
        "v": "9693.4274",
        "t": 1763424000000
      },
      {
        "o": "92960.83",
        "h": "92984.40",
        "l": "88588.30",
        "c": "91551.70",
        "v": "9577.62112",
        "t": 1763510400000
      },
      {
        "o": "91558.01",
        "h": "93180.78",
        "l": "88222.86",
        "c": "88399.24",
        "v": "5015.52257",
        "t": 1763596800000
      }
    ],
    "instrument_name": "BTC_USDT"
  }
}

================================================================================
Timestamp: 2025-11-20 16:23:14 UTC
Feature: get_candlestick.feature
Scenario: Missing instrument name
Status: Status.passed

Request URL:
https://api.crypto.com/exchange/v1/public/get-candlestick?instrument_name=xxx&timeframe=M5

Response:
{
  "code": 40004,
  "message": "Invalid instrument_name"
}

================================================================================
Timestamp: 2025-11-20 16:23:15 UTC
Feature: get_candlestick.feature
Scenario: Invalid timeframe
Status: Status.passed

Request URL:
https://api.crypto.com/exchange/v1/public/get-candlestick?instrument_name=BTCUSD-PERP&timeframe=Z9

Response:
{
  "code": 40003,
  "message": "Invalid request"
}

================================================================================
Timestamp: 2025-11-20 16:23:18 UTC
Feature: book_subscription.feature
Scenario: Successful subscription to book.BTCUSD-PERP.10
Status: Status.passed

WebSocket Sent:
{
  "id": 1,
  "method": "subscribe",
  "params": {
    "channels": [
      "book.BTCUSD-PERP.10"
    ]
  }
}

WebSocket ACK Response:
{
  "id": 1,
  "method": "subscribe",
  "code": 0,
  "channel": "book.BTCUSD-PERP.10"
}

WebSocket Messages:
Snapshot Data:
{
  "instrument_name": "BTCUSD-PERP",
  "subscription": "book.BTCUSD-PERP.10",
  "channel": "book",
  "depth": 10,
  "data": [
    {
      "asks": [
        [
          "88369.2",
          "0.0595",
          "3"
        ],
        [
          "88379.1",
          "0.0500",
          "1"
        ],
        [
          "88379.7",
          "0.1734",
          "1"
        ],
        [
          "88379.8",
          "0.3058",
          "1"
        ],
        [
          "88380.0",
          "0.1600",
          "2"
        ],
        [
          "88381.8",
          "0.0350",
          "1"
        ],
        [
          "88383.5",
          "0.0425",
          "1"
        ],
        [
          "88387.0",
          "0.0001",
          "1"
        ],
        [
          "88387.5",
          "0.1683",
          "1"
        ],
        [
          "88387.6",
          "0.3130",
          "1"
        ]
      ],
      "bids": [
        [
          "88369.1",
          "0.0500",
          "1"
        ],
        [
          "88366.3",
          "0.0085",
          "1"
        ],
        [
          "88365.6",
          "0.0950",
          "2"
        ],
        [
          "88363.6",
          "0.0340",
          "1"
        ],
        [
          "88360.2",
          "0.0299",
          "1"
        ],
        [
          "88358.3",
          "0.1000",
          "1"
        ],
        [
          "88356.0",
          "0.0001",
          "1"
        ],
        [
          "88355.3",
          "0.0029",
          "1"
        ],
        [
          "88355.1",
          "0.1229",
          "2"
        ],
        [
          "88353.3",
          "0.0645",
          "1"
        ]
      ],
      "t": 1763655798481,
      "tt": 1763655798480,
      "u": 271858669347648,
      "cs": 1708885769
    }
  ]
}

================================================================================
Timestamp: 2025-11-20 16:23:19 UTC
Feature: book_subscription.feature
Scenario: Invalid instrument subscription
Status: Status.passed

WebSocket Sent:
{
  "id": 1,
  "method": "subscribe",
  "params": {
    "channels": [
      "book.INVALID.10"
    ]
  }
}

WebSocket ACK Response:
{
  "id": 1,
  "method": "subscribe",
  "code": 40003,
  "channel": "book.INVALID.10",
  "message": "Unknown symbol"
}

================================================================================
Timestamp: 2025-11-20 16:23:20 UTC
Feature: book_subscription.feature
Scenario: Invalid depth subscription
Status: Status.passed

WebSocket Sent:
{
  "id": 1,
  "method": "subscribe",
  "params": {
    "channels": [
      "book.BTCUSD-PERP.100"
    ]
  }
}

WebSocket ACK Response:
{
  "id": 1,
  "method": "subscribe",
  "code": 40003,
  "channel": "book.BTCUSD-PERP.100",
  "message": "Invalid depth"
}

